{"id":"discovery-cluster-33-empty-6440004-a3","score":1,"totalMass":527499,"elapsedSeconds":20.671776292}
{"id":"discovery-cluster-4-clone-6440001-a0","score":-0.23757196941348316,"totalMass":774982,"elapsedSeconds":21.362003167}
{"id":"discovery-cluster-4-clone-6440001-a1","score":0.23757196941348316,"totalMass":774982,"elapsedSeconds":21.486224499999995}
{"id":"discovery-cluster-4-clone-6440001-a2","score":-0.23757196941348316,"totalMass":774982,"elapsedSeconds":21.150764249999995}
{"id":"discovery-cluster-4-clone-6440001-a3","score":0.23757196941348316,"totalMass":774982,"elapsedSeconds":21.17674633400001}
{"id":"discovery-cluster-4-clone-6440002-a0","score":-0.13951394415904944,"totalMass":746334,"elapsedSeconds":20.846317209000002}
{"id":"discovery-cluster-4-clone-6440002-a1","score":0.13951394415904944,"totalMass":746334,"elapsedSeconds":20.892537792000017}
{"id":"discovery-cluster-4-clone-6440002-a2","score":-0.13951394415904944,"totalMass":746334,"elapsedSeconds":20.73231095799999}
{"id":"discovery-cluster-4-clone-6440002-a3","score":0.13951394415904944,"totalMass":746334,"elapsedSeconds":19.965424625000015}
{"id":"discovery-cluster-4-clone-6440003-a0","score":-0.4898176845720492,"totalMass":817594,"elapsedSeconds":22.048029958}
{"id":"discovery-cluster-4-clone-6440003-a1","score":0.4898176845720492,"totalMass":817594,"elapsedSeconds":21.935140333000017}
{"id":"discovery-cluster-4-clone-6440003-a2","score":-0.4898176845720492,"totalMass":817594,"elapsedSeconds":21.56157716700001}
{"id":"discovery-cluster-4-clone-6440003-a3","score":0.4898176845720492,"totalMass":817594,"elapsedSeconds":21.230013708000012}
{"id":"discovery-cluster-4-clone-6440004-a0","score":-0.212134405572914,"totalMass":702828,"elapsedSeconds":20.628805166999985}
{"id":"discovery-cluster-4-clone-6440004-a1","score":0.212134405572914,"totalMass":702828,"elapsedSeconds":20.828166083999967}
{"id":"discovery-cluster-4-clone-6440004-a2","score":-0.212134405572914,"totalMass":702828,"elapsedSeconds":20.19550225000002}
{"id":"discovery-cluster-4-clone-6440004-a3","score":0.212134405572914,"totalMass":702828,"elapsedSeconds":20.124522832999997}
{"id":"discovery-cluster-4-empty-6440001-a0","score":1,"totalMass":553543,"elapsedSeconds":19.443113832999952}
{"id":"discovery-cluster-4-empty-6440001-a1","score":1,"totalMass":682605,"elapsedSeconds":20.72472425000003}
{"id":"discovery-cluster-4-empty-6440001-a2","score":1,"totalMass":553543,"elapsedSeconds":19.548888000000037}
{"id":"discovery-cluster-4-empty-6440001-a3","score":1,"totalMass":682605,"elapsedSeconds":19.71259474999999}
{"id":"discovery-cluster-4-empty-6440002-a0","score":1,"totalMass":700490,"elapsedSeconds":20.020862374999968}
{"id":"discovery-cluster-4-empty-6440002-a1","score":1,"totalMass":277504,"elapsedSeconds":19.209508291999985}
{"id":"discovery-cluster-4-empty-6440002-a2","score":1,"totalMass":700490,"elapsedSeconds":19.971139790999995}
{"id":"discovery-cluster-4-empty-6440002-a3","score":1,"totalMass":277504,"elapsedSeconds":18.965085583999986}
{"id":"discovery-cluster-4-empty-6440003-a0","score":1,"totalMass":712870,"elapsedSeconds":20.40526762499998}
{"id":"discovery-cluster-4-empty-6440003-a1","score":1,"totalMass":600915,"elapsedSeconds":20.948145833999966}
{"id":"discovery-cluster-4-empty-6440003-a2","score":1,"totalMass":712870,"elapsedSeconds":20.819350708000012}
{"id":"discovery-cluster-4-empty-6440003-a3","score":1,"totalMass":600915,"elapsedSeconds":19.876254834000022}
{"completed":29,"elapsedSeconds":600.6842970839999}
{"id":"discovery-cluster-4-empty-6440004-a0","score":1,"totalMass":682503,"elapsedSeconds":20.21597175}
{"id":"discovery-cluster-4-empty-6440004-a1","score":1,"totalMass":700003,"elapsedSeconds":20.007134875}
{"id":"discovery-cluster-4-empty-6440004-a2","score":1,"totalMass":682503,"elapsedSeconds":19.598804125}
{"id":"discovery-cluster-4-empty-6440004-a3","score":1,"totalMass":700003,"elapsedSeconds":19.925169290999992}
{"id":"discovery-cluster-16-clone-6440001-a0","score":-0.0626512458321181,"totalMass":2029808,"elapsedSeconds":27.549898833}
{"id":"discovery-cluster-16-clone-6440001-a1","score":0.0626512458321181,"totalMass":2029808,"elapsedSeconds":27.825145542000012}
{"id":"discovery-cluster-16-clone-6440001-a2","score":-0.0626512458321181,"totalMass":2029808,"elapsedSeconds":27.985653542000016}
{"id":"discovery-cluster-16-clone-6440001-a3","score":0.0626512458321181,"totalMass":2029808,"elapsedSeconds":27.802495000000025}
{"id":"discovery-cluster-16-clone-6440002-a0","score":-0.038325881597539406,"totalMass":2033978,"elapsedSeconds":27.673843167000015}
{"id":"discovery-cluster-16-clone-6440002-a1","score":0.038325881597539406,"totalMass":2033978,"elapsedSeconds":28.229496249999997}
{"id":"discovery-cluster-16-clone-6440002-a2","score":-0.038325881597539406,"totalMass":2033978,"elapsedSeconds":27.87118866700001}
{"id":"discovery-cluster-16-clone-6440002-a3","score":0.038325881597539406,"totalMass":2033978,"elapsedSeconds":27.07481220799999}
{"id":"discovery-cluster-16-clone-6440003-a0","score":-0.006414389854482803,"totalMass":2042439,"elapsedSeconds":27.870932082999964}
{"id":"discovery-cluster-16-clone-6440003-a1","score":0.006414389854482803,"totalMass":2042439,"elapsedSeconds":27.93136024999997}
{"id":"discovery-cluster-16-clone-6440003-a2","score":-0.006414389854482803,"totalMass":2042439,"elapsedSeconds":28.323831499999972}
{"id":"discovery-cluster-16-clone-6440003-a3","score":0.006414389854482803,"totalMass":2042439,"elapsedSeconds":31.08492745799996}
{"id":"discovery-cluster-16-clone-6440004-a0","score":-0.017167466276437456,"totalMass":2036410,"elapsedSeconds":27.18888262499997}
{"id":"discovery-cluster-16-clone-6440004-a1","score":0.017167466276437456,"totalMass":2036410,"elapsedSeconds":26.278347000000007}
{"id":"discovery-cluster-16-clone-6440004-a2","score":-0.017167466276437456,"totalMass":2036410,"elapsedSeconds":28.13300191599998}
{"id":"discovery-cluster-16-clone-6440004-a3","score":0.017167466276437456,"totalMass":2036410,"elapsedSeconds":33.927106542000026}
{"id":"discovery-cluster-16-empty-6440001-a0","score":1,"totalMass":2010306,"elapsedSeconds":32.738113625}
{"id":"discovery-cluster-16-empty-6440001-a1","score":1,"totalMass":2011790,"elapsedSeconds":32.193603125000024}
{"completed":22,"elapsedSeconds":600.288926}
{"id":"discovery-cluster-16-empty-6440001-a2","score":1,"totalMass":2010306,"elapsedSeconds":31.628517042}
{"id":"discovery-cluster-16-empty-6440001-a3","score":1,"totalMass":2011790,"elapsedSeconds":30.167231582999992}
{"id":"discovery-cluster-16-empty-6440002-a0","score":1,"totalMass":1999009,"elapsedSeconds":29.435265709}
{"id":"discovery-cluster-16-empty-6440002-a1","score":1,"totalMass":2014614,"elapsedSeconds":29.889580917}
{"id":"discovery-cluster-16-empty-6440002-a2","score":1,"totalMass":1999009,"elapsedSeconds":30.774653208000004}
{"id":"discovery-cluster-16-empty-6440002-a3","score":1,"totalMass":2014614,"elapsedSeconds":29.871682666999988}
{"id":"discovery-cluster-16-empty-6440003-a0","score":1,"totalMass":2013395,"elapsedSeconds":28.806862334000005}
{"id":"discovery-cluster-16-empty-6440003-a1","score":1,"totalMass":2006129,"elapsedSeconds":31.96712399999998}
{"id":"discovery-cluster-16-empty-6440003-a2","score":1,"totalMass":2013395,"elapsedSeconds":29.365371000000014}
{"id":"discovery-cluster-16-empty-6440003-a3","score":1,"totalMass":2006129,"elapsedSeconds":27.079795500000007}
{"id":"discovery-cluster-16-empty-6440004-a0","score":1,"totalMass":2010048,"elapsedSeconds":32.124775416999995}
{"id":"discovery-cluster-16-empty-6440004-a1","score":1,"totalMass":2003465,"elapsedSeconds":29.597780958999998}
{"id":"discovery-cluster-16-empty-6440004-a2","score":1,"totalMass":2010048,"elapsedSeconds":29.244886707999978}
{"id":"discovery-cluster-16-empty-6440004-a3","score":1,"totalMass":2003465,"elapsedSeconds":30.88996629199997}
{"id":"discovery-cluster-139-clone-6440001-a0","score":0.06521642698084583,"totalMass":1690755,"elapsedSeconds":32.168284207999996}
{"id":"discovery-cluster-139-clone-6440001-a1","score":-0.06521642698084583,"totalMass":1690755,"elapsedSeconds":31.09440000000002}
{"id":"discovery-cluster-139-clone-6440001-a2","score":0.06521642698084583,"totalMass":1690755,"elapsedSeconds":31.38558954200003}
{"id":"discovery-cluster-139-clone-6440001-a3","score":-0.06521642698084583,"totalMass":1690755,"elapsedSeconds":32.31032124999998}
{"id":"discovery-cluster-139-clone-6440002-a0","score":0.07649129865006199,"totalMass":1670373,"elapsedSeconds":31.21853995800007}
{"id":"discovery-cluster-139-clone-6440002-a1","score":-0.07649129865006199,"totalMass":1670373,"elapsedSeconds":31.438518417000072}
{"completed":20,"elapsedSeconds":612.6258082080001}
{"id":"discovery-cluster-139-clone-6440002-a2","score":0.07649129865006199,"totalMass":1670373,"elapsedSeconds":32.39925675}
{"id":"discovery-cluster-139-clone-6440002-a3","score":-0.07649129865006199,"totalMass":1670373,"elapsedSeconds":30.988704499999994}
{"id":"discovery-cluster-139-clone-6440003-a0","score":-0.24036785564944813,"totalMass":1662065,"elapsedSeconds":31.883582584000003}
{"id":"discovery-cluster-139-clone-6440003-a1","score":0.24036785564944813,"totalMass":1662065,"elapsedSeconds":32.44827062499999}
{"id":"discovery-cluster-139-clone-6440003-a2","score":-0.24036785564944813,"totalMass":1662065,"elapsedSeconds":31.06918925000001}
{"id":"discovery-cluster-139-clone-6440003-a3","score":0.24036785564944813,"totalMass":1662065,"elapsedSeconds":32.55636512500001}
{"id":"discovery-cluster-139-clone-6440004-a0","score":-0.08557846396708843,"totalMass":1672360,"elapsedSeconds":31.780575209000002}
{"id":"discovery-cluster-139-clone-6440004-a1","score":0.08557846396708843,"totalMass":1672360,"elapsedSeconds":31.04821545800002}
{"id":"discovery-cluster-139-clone-6440004-a2","score":-0.08557846396708843,"totalMass":1672360,"elapsedSeconds":31.701562040999967}
{"id":"discovery-cluster-139-clone-6440004-a3","score":0.08557846396708843,"totalMass":1672360,"elapsedSeconds":32.256276167}
{"id":"discovery-cluster-139-empty-6440001-a0","score":1,"totalMass":1626680,"elapsedSeconds":29.309065667000016}
{"id":"discovery-cluster-139-empty-6440001-a1","score":1,"totalMass":1697129,"elapsedSeconds":29.36142562500003}
{"id":"discovery-cluster-139-empty-6440001-a2","score":1,"totalMass":1626680,"elapsedSeconds":30.996930125000013}
{"id":"discovery-cluster-139-empty-6440001-a3","score":1,"totalMass":1697129,"elapsedSeconds":29.973208042000014}
{"id":"discovery-cluster-139-empty-6440002-a0","score":1,"totalMass":1671710,"elapsedSeconds":28.39398324999999}
{"id":"discovery-cluster-139-empty-6440002-a1","score":1,"totalMass":1700961,"elapsedSeconds":31.581396917000006}
{"id":"discovery-cluster-139-empty-6440002-a2","score":1,"totalMass":1671710,"elapsedSeconds":28.845169707999972}
{"id":"discovery-cluster-139-empty-6440002-a3","score":1,"totalMass":1700961,"elapsedSeconds":27.782684458000002}
{"id":"discovery-cluster-139-empty-6440003-a0","score":1,"totalMass":1680583,"elapsedSeconds":31.461689999999944}
{"id":"discovery-cluster-139-empty-6440003-a1","score":1,"totalMass":1671875,"elapsedSeconds":30.06608516700007}
{"completed":20,"elapsedSeconds":617.984584959}
{"id":"discovery-cluster-139-empty-6440003-a2","score":1,"totalMass":1680583,"elapsedSeconds":28.346305042}
{"id":"discovery-cluster-139-empty-6440003-a3","score":1,"totalMass":1671875,"elapsedSeconds":30.782445334}
{"id":"discovery-cluster-139-empty-6440004-a0","score":1,"totalMass":1647609,"elapsedSeconds":29.611625541999995}
{"id":"discovery-cluster-139-empty-6440004-a1","score":1,"totalMass":1661924,"elapsedSeconds":28.714043541000006}
{"id":"discovery-cluster-139-empty-6440004-a2","score":1,"totalMass":1647609,"elapsedSeconds":30.86380412500001}
{"id":"discovery-cluster-139-empty-6440004-a3","score":1,"totalMass":1661924,"elapsedSeconds":29.793059375000013}
{"completed":6,"elapsedSeconds":178.95734224999998}
{"unitId":"discovery-cluster-33-clone-6440001-a0","pass":true}
{"unitId":"discovery-cluster-33-empty-6440001-a0","pass":true}
{"status":"eligible","requested":128,"available":128,"missing":0,"invalid":0,"replayMissing":0,"replayInvalid":0}
{"status": "eligible", "commands": 8}
