{"id":"waste-4-gradient-6300003","finalMass":74931,"seconds":10.873207500000001}
{"id":"waste-4-gradient-6300004","finalMass":146328,"seconds":10.525554667}
{"id":"waste-5-waste-6300001","finalMass":12154,"seconds":5.563999875000001}
{"id":"waste-5-waste-6300002","finalMass":11800,"seconds":5.219379499999999}
{"id":"waste-5-waste-6300003","finalMass":22880,"seconds":5.413591915999998}
{"id":"waste-5-waste-6300004","finalMass":13077,"seconds":5.409202333999994}
{"id":"waste-5-gradient-6300001","finalMass":15677,"seconds":10.037942541999998}
{"id":"waste-5-gradient-6300002","finalMass":0,"seconds":8.929699124999999}
{"id":"waste-5-gradient-6300003","finalMass":1,"seconds":8.73557650000001}
{"id":"waste-5-gradient-6300004","finalMass":5913,"seconds":9.680519333999998}
{"id":"waste-6-waste-6300001","finalMass":29991,"seconds":5.592786416000003}
{"id":"waste-6-waste-6300002","finalMass":34400,"seconds":5.539285374999992}
{"id":"waste-6-waste-6300003","finalMass":40145,"seconds":5.601759000000006}
{"id":"waste-6-waste-6300004","finalMass":35238,"seconds":5.620200542000006}
{"id":"waste-6-gradient-6300001","finalMass":13419,"seconds":9.612800583000004}
{"id":"waste-6-gradient-6300002","finalMass":3,"seconds":9.593287624999997}
{"id":"waste-6-gradient-6300003","finalMass":18275,"seconds":9.756674041999998}
{"id":"waste-6-gradient-6300004","finalMass":0,"seconds":9.940106082999991}
{"id":"waste-7-waste-6300001","finalMass":96724,"seconds":5.6808187920000055}
{"id":"waste-7-waste-6300002","finalMass":96040,"seconds":5.319006416999997}
{"id":"waste-7-waste-6300003","finalMass":96323,"seconds":5.210241375000012}
{"id":"waste-7-waste-6300004","finalMass":96789,"seconds":6.068395791999996}
{"id":"waste-7-gradient-6300001","finalMass":0,"seconds":10.044264167000016}
{"id":"waste-7-gradient-6300002","finalMass":0,"seconds":9.439689332999988}
{"id":"waste-7-gradient-6300003","finalMass":0,"seconds":9.93931574999998}
{"id":"waste-7-gradient-6300004","finalMass":0,"seconds":9.002330000000017}
{"id":"waste-8-waste-6300001","finalMass":8496,"seconds":5.330226750000001}
{"id":"waste-8-waste-6300002","finalMass":5,"seconds":4.837825416999985}
{"id":"waste-8-waste-6300003","finalMass":1,"seconds":4.9147327090000035}
{"id":"waste-8-waste-6300004","finalMass":1,"seconds":5.246130084000004}
{"id":"waste-8-gradient-6300001","finalMass":1,"seconds":8.791165915999999}
{"id":"waste-8-gradient-6300002","finalMass":0,"seconds":8.554775999999983}
{"id":"waste-8-gradient-6300003","finalMass":0,"seconds":9.39936041599998}
{"id":"waste-8-gradient-6300004","finalMass":0,"seconds":9.738560916000017}
{"id":"waste-9-waste-6300001","finalMass":65,"seconds":5.433344500000007}
{"id":"waste-9-waste-6300002","finalMass":4,"seconds":5.211718249999977}
{"id":"waste-9-waste-6300003","finalMass":1,"seconds":5.373922999999952}
{"id":"waste-9-waste-6300004","finalMass":2,"seconds":4.752332750000002}
{"id":"waste-9-gradient-6300001","finalMass":2,"seconds":9.163053333999997}
{"id":"waste-9-gradient-6300002","finalMass":3,"seconds":8.934029125}
{"id":"waste-9-gradient-6300003","finalMass":2,"seconds":9.500353999999993}
{"id":"waste-9-gradient-6300004","finalMass":2,"seconds":9.073614583000017}
{"id":"waste-10-waste-6300001","finalMass":74172,"seconds":5.220759750000027}
{"id":"waste-10-waste-6300002","finalMass":74266,"seconds":5.611043541999999}
{"id":"waste-10-waste-6300003","finalMass":73247,"seconds":5.80983600000001}
{"id":"waste-10-waste-6300004","finalMass":72567,"seconds":5.875587708000036}
{"id":"waste-10-gradient-6300001","finalMass":76003,"seconds":10.453270499999984}
{"id":"waste-10-gradient-6300002","finalMass":101218,"seconds":10.611360000000044}
{"id":"waste-10-gradient-6300003","finalMass":229512,"seconds":9.763078749999986}
{"id":"waste-10-gradient-6300004","finalMass":72565,"seconds":9.922837790999969}
{"id":"waste-11-waste-6300001","finalMass":148175,"seconds":5.673569542000012}
{"id":"waste-11-waste-6300002","finalMass":148429,"seconds":5.690297167000011}
{"id":"waste-11-waste-6300003","finalMass":148609,"seconds":5.272296333000006}
{"id":"waste-11-waste-6300004","finalMass":148748,"seconds":5.296007500000007}
{"id":"waste-11-gradient-6300001","finalMass":1746273,"seconds":12.76755804199999}
{"id":"waste-11-gradient-6300002","finalMass":1755369,"seconds":13.70423420800001}
{"id":"waste-11-gradient-6300003","finalMass":1746731,"seconds":13.801341000000015}
{"id":"waste-11-gradient-6300004","finalMass":1746468,"seconds":12.96035950000002}
{"id":"background-0-background-6300001","finalMass":233635,"seconds":5.430746500000009}
{"id":"background-0-background-6300002","finalMass":235776,"seconds":5.372747208999994}
{"id":"background-0-background-6300003","finalMass":4,"seconds":5.868944499999984}
{"id":"background-0-background-6300004","finalMass":237520,"seconds":5.6055886249999745}
{"id":"background-0-gradient-6300001","finalMass":0,"seconds":8.478285416999949}
{"id":"background-0-gradient-6300002","finalMass":0,"seconds":8.400809249999991}
{"id":"background-0-gradient-6300003","finalMass":0,"seconds":9.61416516600002}
{"id":"background-0-gradient-6300004","finalMass":0,"seconds":10.26805108299997}
{"id":"background-1-background-6300001","finalMass":171810,"seconds":5.976509875000047}
{"id":"background-1-background-6300002","finalMass":172913,"seconds":5.857386708999984}
{"id":"background-1-background-6300003","finalMass":172610,"seconds":5.842362250000005}
{"id":"background-1-background-6300004","finalMass":174591,"seconds":5.827492791999946}
{"id":"background-1-gradient-6300001","finalMass":0,"seconds":9.194207582999953}
{"id":"background-1-gradient-6300002","finalMass":0,"seconds":9.445984375}
{"id":"background-1-gradient-6300003","finalMass":0,"seconds":9.32033370800002}
{"id":"background-1-gradient-6300004","finalMass":0,"seconds":8.773914583000005}
{"id":"background-2-background-6300001","finalMass":229130,"seconds":5.341324625000008}
{"id":"background-2-background-6300002","finalMass":231270,"seconds":5.670856749999919}
{"id":"background-2-background-6300003","finalMass":230877,"seconds":5.946983125000028}
{"id":"background-2-background-6300004","finalMass":233089,"seconds":6.048520499999984}
{"completed":78,"elapsedSeconds":604.386615125}
{"id":"background-2-gradient-6300001","finalMass":21104,"seconds":10.565491083000001}
{"id":"background-2-gradient-6300002","finalMass":251658,"seconds":10.027822540999999}
{"id":"background-2-gradient-6300003","finalMass":23684,"seconds":9.845495374999999}
{"id":"background-2-gradient-6300004","finalMass":248283,"seconds":9.734153708000001}
{"id":"background-3-background-6300001","finalMass":235067,"seconds":5.811455209}
{"id":"background-3-background-6300002","finalMass":237165,"seconds":5.585263999999996}
{"id":"background-3-background-6300003","finalMass":236891,"seconds":5.485054166999995}
{"id":"background-3-background-6300004","finalMass":238939,"seconds":5.121461415999998}
{"id":"background-3-gradient-6300001","finalMass":1582959,"seconds":12.749450541999998}
{"id":"background-3-gradient-6300002","finalMass":1592194,"seconds":14.19855804100001}
{"id":"background-3-gradient-6300003","finalMass":1589759,"seconds":13.644879583999995}
{"id":"background-3-gradient-6300004","finalMass":1595015,"seconds":12.824497749999995}
{"id":"background-4-background-6300001","finalMass":227967,"seconds":5.359091583000001}
{"id":"background-4-background-6300002","finalMass":230114,"seconds":5.273036124999999}
{"id":"background-4-background-6300003","finalMass":229771,"seconds":5.868047667000006}
{"id":"background-4-background-6300004","finalMass":231864,"seconds":5.410148291999998}
{"id":"background-4-gradient-6300001","finalMass":24845,"seconds":9.490814290999987}
{"id":"background-4-gradient-6300002","finalMass":47573,"seconds":10.076926875000005}
{"id":"background-4-gradient-6300003","finalMass":67536,"seconds":11.207417041999987}
{"id":"background-4-gradient-6300004","finalMass":43461,"seconds":10.418369458}
{"id":"background-5-background-6300001","finalMass":49083,"seconds":5.746333916999982}
{"id":"background-5-background-6300002","finalMass":13374,"seconds":6.055767124999984}
{"id":"background-5-background-6300003","finalMass":59650,"seconds":5.4657788750000185}
{"id":"background-5-background-6300004","finalMass":21849,"seconds":5.642163332999975}
{"id":"background-5-gradient-6300001","finalMass":0,"seconds":9.283552000000025}
{"id":"background-5-gradient-6300002","finalMass":0,"seconds":9.71674887499999}
{"id":"background-5-gradient-6300003","finalMass":0,"seconds":8.505566666999977}
{"id":"background-5-gradient-6300004","finalMass":0,"seconds":8.211379457999982}
{"id":"background-6-background-6300001","finalMass":0,"seconds":5.579443333000003}
{"id":"background-6-background-6300002","finalMass":0,"seconds":5.550087166000012}
{"id":"background-6-background-6300003","finalMass":0,"seconds":5.635534166999976}
{"id":"background-6-background-6300004","finalMass":0,"seconds":5.631521708999993}
{"id":"background-6-gradient-6300001","finalMass":0,"seconds":9.288095499999995}
{"id":"background-6-gradient-6300002","finalMass":0,"seconds":8.819099499999952}
{"id":"background-6-gradient-6300003","finalMass":0,"seconds":8.945596416999994}
{"id":"background-6-gradient-6300004","finalMass":0,"seconds":8.960016417000036}
{"id":"background-7-background-6300001","finalMass":192581,"seconds":5.808247707999952}
{"id":"background-7-background-6300002","finalMass":207439,"seconds":5.632163292000012}
{"id":"background-7-background-6300003","finalMass":226992,"seconds":5.4794453329999815}
{"id":"background-7-background-6300004","finalMass":231449,"seconds":5.396762082999979}
{"id":"background-7-gradient-6300001","finalMass":0,"seconds":9.295591917000012}
{"id":"background-7-gradient-6300002","finalMass":0,"seconds":10.184822584000008}
{"id":"background-7-gradient-6300003","finalMass":0,"seconds":9.574999291000015}
{"id":"background-7-gradient-6300004","finalMass":0,"seconds":9.724434291000012}
{"id":"background-8-background-6300001","finalMass":104982,"seconds":5.560724291999999}
{"id":"background-8-background-6300002","finalMass":71659,"seconds":5.508288707999978}
{"id":"background-8-background-6300003","finalMass":76995,"seconds":5.549271624999994}
{"id":"background-8-background-6300004","finalMass":76667,"seconds":5.8818915830000185}
{"id":"background-8-gradient-6300001","finalMass":24083,"seconds":10.21814837499999}
{"id":"background-8-gradient-6300002","finalMass":17045,"seconds":8.978437791000005}
{"id":"background-8-gradient-6300003","finalMass":23886,"seconds":9.337053541000001}
{"id":"background-8-gradient-6300004","finalMass":21402,"seconds":10.19999670800002}
{"id":"background-9-background-6300001","finalMass":219448,"seconds":5.829946707999974}
{"id":"background-9-background-6300002","finalMass":220801,"seconds":5.815023832999985}
{"id":"background-9-background-6300003","finalMass":220999,"seconds":5.836271500000032}
{"id":"background-9-background-6300004","finalMass":222438,"seconds":5.644418292000017}
{"id":"background-9-gradient-6300001","finalMass":9,"seconds":9.158144708000007}
{"id":"background-9-gradient-6300002","finalMass":7,"seconds":9.352376541999984}
{"id":"background-9-gradient-6300003","finalMass":6,"seconds":9.258852958000032}
{"id":"background-9-gradient-6300004","finalMass":12,"seconds":9.35298516599997}
{"id":"background-10-background-6300001","finalMass":67214,"seconds":5.319793166999996}
{"id":"background-10-background-6300002","finalMass":101766,"seconds":5.293750750000006}
{"id":"background-10-background-6300003","finalMass":84481,"seconds":5.299068917000026}
{"id":"background-10-background-6300004","finalMass":81849,"seconds":5.649306582999998}
{"id":"background-10-gradient-6300001","finalMass":0,"seconds":10.064176625000021}
{"id":"background-10-gradient-6300002","finalMass":0,"seconds":9.81886416700005}
{"id":"background-10-gradient-6300003","finalMass":0,"seconds":9.730405624999898}
{"id":"background-10-gradient-6300004","finalMass":0,"seconds":9.246967749999952}
{"id":"background-11-background-6300001","finalMass":12713,"seconds":5.477875332999974}
{"id":"background-11-background-6300002","finalMass":3267,"seconds":5.521704625000013}
{"id":"background-11-background-6300003","finalMass":17161,"seconds":5.77211962500005}
{"id":"background-11-background-6300004","finalMass":130,"seconds":5.434996415999951}
{"id":"background-11-gradient-6300001","finalMass":0,"seconds":8.702927666999981}
{"id":"background-11-gradient-6300002","finalMass":0,"seconds":8.592933084000018}
{"id":"background-11-gradient-6300003","finalMass":0,"seconds":10.032131209000013}
{"id":"background-11-gradient-6300004","finalMass":0,"seconds":10.000454332999885}
{"completed":76,"elapsedSeconds":605.0858615410001}
{"id":"historical-0-waste-6300001","finalMass":24039,"seconds":5.732013584000001}
{"id":"historical-0-waste-6300002","finalMass":24768,"seconds":5.608927791999999}
{"id":"historical-0-waste-6300003","finalMass":23445,"seconds":5.388810875000001}
{"id":"historical-0-waste-6300004","finalMass":23547,"seconds":5.421958584}
{"id":"historical-0-background-6300001","finalMass":29792,"seconds":5.500314290999999}
{"id":"historical-0-background-6300002","finalMass":77707,"seconds":5.687375791999999}
{"id":"historical-0-background-6300003","finalMass":34578,"seconds":5.681879207999999}
{"id":"historical-0-background-6300004","finalMass":73823,"seconds":5.6109585420000005}
{"id":"historical-0-gradient-6300001","finalMass":4392,"seconds":9.296997666000003}
{"id":"historical-0-gradient-6300002","finalMass":0,"seconds":8.533315916}
{"id":"historical-0-gradient-6300003","finalMass":4509,"seconds":10.538133958000007}
{"id":"historical-0-gradient-6300004","finalMass":0,"seconds":9.956929833000002}
{"id":"historical-2-waste-6300001","finalMass":133410,"seconds":5.805772832999995}
{"id":"historical-2-waste-6300002","finalMass":129970,"seconds":5.9295126659999955}
{"id":"historical-2-waste-6300003","finalMass":135638,"seconds":5.703348417000001}
{"id":"historical-2-waste-6300004","finalMass":132052,"seconds":5.418483999999997}
{"id":"historical-2-background-6300001","finalMass":196958,"seconds":5.535837}
{"id":"historical-2-background-6300002","finalMass":211432,"seconds":5.465826083000008}
{"id":"historical-2-background-6300003","finalMass":201710,"seconds":5.568460917000004}
{"id":"historical-2-background-6300004","finalMass":223630,"seconds":5.748898042}
{"id":"historical-2-gradient-6300001","finalMass":39477,"seconds":9.296728334000013}
{"id":"historical-2-gradient-6300002","finalMass":40754,"seconds":8.976662083000003}
{"id":"historical-2-gradient-6300003","finalMass":40039,"seconds":10.44077341699999}
{"id":"historical-2-gradient-6300004","finalMass":49032,"seconds":10.892678625}
{"id":"historical-5-waste-6300001","finalMass":74570,"seconds":5.791813292000006}
{"id":"historical-5-waste-6300002","finalMass":79329,"seconds":5.707084000000003}
{"id":"historical-5-waste-6300003","finalMass":71583,"seconds":5.518855500000005}
{"id":"historical-5-waste-6300004","finalMass":71759,"seconds":5.534433541000006}
{"id":"historical-5-background-6300001","finalMass":189259,"seconds":5.410529249999993}
{"id":"historical-5-background-6300002","finalMass":156821,"seconds":5.628132874999981}
{"id":"historical-5-background-6300003","finalMass":189895,"seconds":5.724318415999995}
{"id":"historical-5-background-6300004","finalMass":191360,"seconds":5.872391208000016}
{"id":"historical-5-gradient-6300001","finalMass":16375,"seconds":9.138888999999995}
{"id":"historical-5-gradient-6300002","finalMass":15318,"seconds":9.18161716699999}
{"id":"historical-5-gradient-6300003","finalMass":12069,"seconds":13.216536250000004}
{"id":"historical-5-gradient-6300004","finalMass":85916,"seconds":10.769257458000007}
{"id":"historical-9-waste-6300001","finalMass":125954,"seconds":5.759983791999985}
{"id":"historical-9-waste-6300002","finalMass":130041,"seconds":5.809574208999984}
{"id":"historical-9-waste-6300003","finalMass":129144,"seconds":5.455167958000034}
{"id":"historical-9-waste-6300004","finalMass":129773,"seconds":5.53979379200004}
{"id":"historical-9-background-6300001","finalMass":31863,"seconds":5.611328333999961}
{"id":"historical-9-background-6300002","finalMass":27023,"seconds":5.624703957999999}
{"id":"historical-9-background-6300003","finalMass":38055,"seconds":5.711705374999961}
{"id":"historical-9-background-6300004","finalMass":57440,"seconds":5.646666541000013}
{"id":"historical-9-gradient-6300001","finalMass":3260,"seconds":9.137501792000025}
{"id":"historical-9-gradient-6300002","finalMass":3260,"seconds":9.190727542000008}
{"id":"historical-9-gradient-6300003","finalMass":3176,"seconds":10.290485958000005}
{"id":"historical-9-gradient-6300004","finalMass":3265,"seconds":10.544983582999965}
{"id":"no-candidate-waste-6300001","finalMass":0,"seconds":4.714132874999952}
{"id":"no-candidate-waste-6300002","finalMass":0,"seconds":4.636720417000004}
{"id":"no-candidate-waste-6300003","finalMass":0,"seconds":4.247549832999997}
{"id":"no-candidate-waste-6300004","finalMass":0,"seconds":4.6221699589999625}
{"id":"no-candidate-background-6300001","finalMass":0,"seconds":5.7117358329999846}
{"id":"no-candidate-background-6300002","finalMass":0,"seconds":5.498405375000031}
{"id":"no-candidate-background-6300003","finalMass":0,"seconds":5.834025999999954}
{"id":"no-candidate-background-6300004","finalMass":0,"seconds":5.599447707999963}
{"id":"no-candidate-gradient-6300001","finalMass":0,"seconds":8.328631292000006}
{"id":"no-candidate-gradient-6300002","finalMass":0,"seconds":8.282854749999998}
{"id":"no-candidate-gradient-6300003","finalMass":0,"seconds":9.24952799999999}
{"id":"no-candidate-gradient-6300004","finalMass":0,"seconds":9.400958417000016}
{"completed":60,"elapsedSeconds":420.87193}
{"id":"waste-3-gradient-6300001","pass":true}
{"id":"no-candidate-gradient-6300001","pass":true}
{"status":"complete","requested":252,"available":252,"capable":8}
